toothbrush                          1.98
  0.99 * 2
