apples                              4.58
  1.99 * 2.300
